malzahar 0.0 0.0 PlayerRobot 0.0 0.0 ALIVE
No such map exists!
