malzahar 1.0 2.0 PlayerRobot 0.0 2.0
malzahar 1.0 4.0 PlayerRobot 0.0 2.0