olaj1 0.0 0.0 Olaj 2
olaj1 0.0 0.0 Olaj 1
No olaj on the map