olaj 3
ragacs 3
olaj1 5 5 Olaj 0
malzahar 5 6 PlayerRobot 0 1
olaj 2
ragacs 3