teszt:joPalya
map:halal_kanyon loaded
add:malzahar
add:ragacs2
setspeed:0 2
malzahar 1 2 VersenyzõRobot 0 2
malzahar 1 3 VersenyzõRobot 0 1