teszt:ragacsjDobas
map:halal_kanyon loaded
add:malzahar
setspeed:0 1
setragacs:yes
olaj 3
ragacs 3
ragacs1 0 0 Ragacs 0
ragacs2 5 5 Ragacs 0
malzahar 5 6 VersenyzõRobot 0 1
olaj 3
ragacs 2